\BOOKMARK [1][-]{section.1}{\376\377\137\025\212\000}{}% 1
\BOOKMARK [1][-]{section.2}{\376\377\227\000\154\102\116\016\166\356\150\007}{}% 2
\BOOKMARK [2][-]{subsection.2.1}{\376\377\213\276\213\241\143\250\133\374\377\032\116\316\156\070\142\017\166\356\150\007\122\060\122\237\200\375\121\263\173\126}{section.2}% 3
\BOOKMARK [2][-]{subsection.2.2}{\376\377\150\070\137\303\163\251\154\325}{section.2}% 4
\BOOKMARK [1][-]{section.3}{\376\377\174\373\176\337\147\266\147\204}{}% 5
\BOOKMARK [2][-]{subsection.3.1}{\376\377\140\073\117\123\176\323\147\204}{section.3}% 6
\BOOKMARK [2][-]{subsection.3.2}{\376\377\121\150\146\157\116\016\133\253\126\376}{section.3}% 7
\BOOKMARK [1][-]{section.4}{\376\377\127\120\150\007\150\007\133\232\116\016\213\241\122\006}{}% 8
\BOOKMARK [2][-]{subsection.4.1}{\376\377\225\356\230\230\200\314\146\157}{section.4}% 9
\BOOKMARK [2][-]{subsection.4.2}{\376\377\225\032\160\271\221\307\226\306\116\016\123\330\143\142\152\041\127\213}{section.4}% 10
\BOOKMARK [2][-]{subsection.4.3}{\376\377\213\241\122\006\211\304\122\031}{section.4}% 11
\BOOKMARK [1][-]{section.5}{\376\377\122\237\200\375\133\236\163\260}{}% 12
\BOOKMARK [2][-]{subsection.5.1}{\376\377\156\070\142\017\155\101\172\013}{section.5}% 13
\BOOKMARK [2][-]{subsection.5.2}{\376\377\156\341\122\006\162\171\145\110\377\010\0005\0000\0000\0000\000\040\122\006\377\011}{section.5}% 14
\BOOKMARK [2][-]{subsection.5.3}{\376\377\167\345\213\306\225\356\173\124}{section.5}% 15
\BOOKMARK [2][-]{subsection.5.4}{\376\377\147\054\127\060\215\104\156\220\173\241\164\006}{section.5}% 16
\BOOKMARK [2][-]{subsection.5.5}{\376\377\142\245\124\112\157\024\171\072\152\041\137\017}{section.5}% 17
\BOOKMARK [1][-]{section.6}{\376\377\220\350\177\162\116\016\217\320\210\114}{}% 18
\BOOKMARK [2][-]{subsection.6.1}{\376\377\137\000\123\321\152\041\137\017}{section.6}% 19
\BOOKMARK [2][-]{subsection.6.2}{\376\377\000E\000l\000e\000c\000t\000r\000o\000n\000\040\150\114\227\142\142\123\123\005}{section.6}% 20
\BOOKMARK [1][-]{section.7}{\376\377\155\113\213\325\116\016\117\123\232\214}{}% 21
\BOOKMARK [2][-]{subsection.7.1}{\376\377\122\237\200\375\155\113\213\325}{section.7}% 22
\BOOKMARK [2][-]{subsection.7.2}{\376\377\150\007\133\232\174\276\136\246}{section.7}% 23
\BOOKMARK [2][-]{subsection.7.3}{\376\377\140\047\200\375}{section.7}% 24
\BOOKMARK [2][-]{subsection.7.4}{\376\377\172\172\225\364\213\244\167\345\116\016\133\146\116\140\117\123\232\214}{section.7}% 25
\BOOKMARK [2][-]{subsection.7.5}{\376\377\215\350\136\372\173\121\172\172\225\364\133\371\153\324}{section.7}% 26
\BOOKMARK [1][-]{section.8}{\376\377\140\073\176\323\116\016\134\125\147\033}{}% 27
\BOOKMARK [2][-]{subsection.8.1}{\376\377\135\345\117\134\140\073\176\323}{section.8}% 28
\BOOKMARK [2][-]{subsection.8.2}{\376\377\121\372\230\230\123\163\133\146\116\140}{section.8}% 29
\BOOKMARK [1][-]{section*.11}{\376\377\123\302\200\003\145\207\163\056}{}% 30
\BOOKMARK [1][-]{appendix.A}{\376\377\135\345\172\013\211\304\152\041}{}% 31
\BOOKMARK [1][-]{appendix.B}{\376\377\156\070\142\017\133\211\210\305\123\005}{}% 32
